Microchip Technology Inc, v1.34 (A)

Tool Name:
  c:\program files (x86)\microchip\xc16\v1.34\bin\bin\..\bin/elf-ld.exe

Command:
  -p24FJ128GA010 \
  -o \
  dist/default/production/AccelerometerSensor.X.production.elf \
  -Lc:/program files (x86)/microchip/xc16/v1.34/bin/bin/.. \
  -Lc:/program files (x86)/microchip/xc16/v1.34/bin/bin/../../lib \
  -Lc:/program files (x86)/microchip/xc16/v1.34/bin/bin/../../support/PIC24E/gld \
  -Lc:/program files (x86)/microchip/xc16/v1.34/bin/bin/../../support/PIC24F/gld \
  -Lc:/program files (x86)/microchip/xc16/v1.34/bin/bin/../../support/PIC24H/gld \
  -Lc:/program files (x86)/microchip/xc16/v1.34/bin/bin/../../support/dsPIC30F/gld \
  -Lc:/program files (x86)/microchip/xc16/v1.34/bin/bin/../../support/dsPIC33C/gld \
  -Lc:/program files (x86)/microchip/xc16/v1.34/bin/bin/../../support/dsPIC33E/gld \
  -Lc:/program files (x86)/microchip/xc16/v1.34/bin/bin/../../support/dsPIC33F/gld \
  build/default/production/spiCode.o \
  build/default/production/accelerometer_main.o \
  --defsym=__MPLAB_BUILD=1 \
  -Tp24FJ128GA010.gld.00 \
  --stack=16 \
  --check-sections \
  --data-init \
  --pack-data \
  --handles \
  --isr \
  --no-gc-sections \
  --fill-upper=0 \
  --stackguard=16 \
  --no-force-link \
  --smart-io \
  -Map=dist/default/production/AccelerometerSensor.X.production.map \
  --report-mem \
  --memorysummary \
  dist/default/production/memoryfile.xml \
  -start-group \
  --library=lega-pic30-elf \
  --library=m-elf \
  --library=lega-c-elf \
  -end-group \


Optional library libpPIC24Fxxx.a not found
Archive member included because of file (symbol)

c:/program files (x86)/microchip/xc16/v1.34/bin/bin/../../lib\liblega-pic30-elf.a(crt0_standard.o)
                              (__resetPRI)
c:/program files (x86)/microchip/xc16/v1.34/bin/bin/../../lib\liblega-pic30-elf.a(data_init_standard.o)
                              c:/program files (x86)/microchip/xc16/v1.34/bin/bin/../../lib\liblega-pic30-elf.a(crt0_standard.o) (__data_init_standard)
c:/program files (x86)/microchip/xc16/v1.34/bin/bin/../../lib\liblega-pic30-elf.a(crt_start_mode_normal.Leo)
                              (__crt_start_mode_normal)
c:/program files (x86)/microchip/xc16/v1.34/bin/bin/../../lib\liblega-pic30-elf.a(c30_uart.Leo)
                              build/default/production/accelerometer_main.o (___C30_UART)
c:/program files (x86)/microchip/xc16/v1.34/bin/bin/../../lib\liblega-c-elf.a(puts.XX_eo)
                              build/default/production/accelerometer_main.o (_puts)
c:/program files (x86)/microchip/xc16/v1.34/bin/bin/../../lib\liblega-c-elf.a(xfiles.XX_eo)
                              c:/program files (x86)/microchip/xc16/v1.34/bin/bin/../../lib\liblega-c-elf.a(puts.XX_eo) (__Stdout)
c:/program files (x86)/microchip/xc16/v1.34/bin/bin/../../lib\liblega-c-elf.a(fputc.XX_elo)
                              c:/program files (x86)/microchip/xc16/v1.34/bin/bin/../../lib\liblega-c-elf.a(puts.XX_eo) (_fputc)
c:/program files (x86)/microchip/xc16/v1.34/bin/bin/../../lib\liblega-c-elf.a(fflush.XX_eo)
                              c:/program files (x86)/microchip/xc16/v1.34/bin/bin/../../lib\liblega-c-elf.a(fputc.XX_elo) (__DNKfflush)
c:/program files (x86)/microchip/xc16/v1.34/bin/bin/../../lib\liblega-c-elf.a(fputs.XX_eo)
                              c:/program files (x86)/microchip/xc16/v1.34/bin/bin/../../lib\liblega-c-elf.a(puts.XX_eo) (_fputs)
c:/program files (x86)/microchip/xc16/v1.34/bin/bin/../../lib\liblega-c-elf.a(memcpy.XX_eo)
                              c:/program files (x86)/microchip/xc16/v1.34/bin/bin/../../lib\liblega-c-elf.a(fputs.XX_eo) (_memcpy)
c:/program files (x86)/microchip/xc16/v1.34/bin/bin/../../lib\liblega-c-elf.a(strlen.XX_eo)
                              c:/program files (x86)/microchip/xc16/v1.34/bin/bin/../../lib\liblega-c-elf.a(fputs.XX_eo) (_strlen)
c:/program files (x86)/microchip/xc16/v1.34/bin/bin/../../lib\liblega-c-elf.a(strrchr.XX_eo)
                              c:/program files (x86)/microchip/xc16/v1.34/bin/bin/../../lib\liblega-c-elf.a(fputs.XX_eo) (_strrchr)
c:/program files (x86)/microchip/xc16/v1.34/bin/bin/../../lib\liblega-c-elf.a(xfwprep.XX_eo)
                              c:/program files (x86)/microchip/xc16/v1.34/bin/bin/../../lib\liblega-c-elf.a(fputc.XX_elo) (__Fwprep)
c:/program files (x86)/microchip/xc16/v1.34/bin/bin/../../lib\liblega-c-elf.a(fclose.XX_elo)
                              c:/program files (x86)/microchip/xc16/v1.34/bin/bin/../../lib\liblega-c-elf.a(xfwprep.XX_eo) (__Closreg)
c:/program files (x86)/microchip/xc16/v1.34/bin/bin/../../lib\liblega-c-elf.a(xatexit.XX_elo)
                              c:/program files (x86)/microchip/xc16/v1.34/bin/bin/../../lib\liblega-c-elf.a(fclose.XX_elo) (__Atexit)
c:/program files (x86)/microchip/xc16/v1.34/bin/bin/../../lib\liblega-c-elf.a(printf_cdnopuxX.XXeo)
                              build/default/production/accelerometer_main.o (__printf_cdnopuxX)
c:/program files (x86)/microchip/xc16/v1.34/bin/bin/../../lib\liblega-c-elf.a(xprintf_cdnopuxX.XXeo)
                              c:/program files (x86)/microchip/xc16/v1.34/bin/bin/../../lib\liblega-c-elf.a(printf_cdnopuxX.XXeo) (___Printf_cdnopuxX)
c:/program files (x86)/microchip/xc16/v1.34/bin/bin/../../lib\liblega-c-elf.a(xputfld_cdnopuxX.XXeo)
                              c:/program files (x86)/microchip/xc16/v1.34/bin/bin/../../lib\liblega-c-elf.a(xprintf_cdnopuxX.XXeo) (___Putfld_cdnopuxX)
c:/program files (x86)/microchip/xc16/v1.34/bin/bin/../../lib\liblega-c-elf.a(free.XX_eo)
                              c:/program files (x86)/microchip/xc16/v1.34/bin/bin/../../lib\liblega-c-elf.a(fclose.XX_elo) (_free)
c:/program files (x86)/microchip/xc16/v1.34/bin/bin/../../lib\liblega-c-elf.a(fwrite.XX_eo)
                              c:/program files (x86)/microchip/xc16/v1.34/bin/bin/../../lib\liblega-c-elf.a(printf_cdnopuxX.XXeo) (_fwrite)
c:/program files (x86)/microchip/xc16/v1.34/bin/bin/../../lib\liblega-c-elf.a(malloc.XX_eo)
                              c:/program files (x86)/microchip/xc16/v1.34/bin/bin/../../lib\liblega-c-elf.a(free.XX_eo) (__Aldata)
c:/program files (x86)/microchip/xc16/v1.34/bin/bin/../../lib\liblega-c-elf.a(memchr.XX_eo)
                              c:/program files (x86)/microchip/xc16/v1.34/bin/bin/../../lib\liblega-c-elf.a(fwrite.XX_eo) (_memchr)
c:/program files (x86)/microchip/xc16/v1.34/bin/bin/../../lib\liblega-c-elf.a(strchr.XX_eo)
                              c:/program files (x86)/microchip/xc16/v1.34/bin/bin/../../lib\liblega-c-elf.a(xprintf_cdnopuxX.XXeo) (_strchr)
c:/program files (x86)/microchip/xc16/v1.34/bin/bin/../../lib\liblega-c-elf.a(xgetmem.XX_eo)
                              c:/program files (x86)/microchip/xc16/v1.34/bin/bin/../../lib\liblega-c-elf.a(malloc.XX_eo) (__Getmem)
c:/program files (x86)/microchip/xc16/v1.34/bin/bin/../../lib\liblega-c-elf.a(xlitob.XX_eo)
                              c:/program files (x86)/microchip/xc16/v1.34/bin/bin/../../lib\liblega-c-elf.a(xputfld_cdnopuxX.XXeo) (__Litob)
c:/program files (x86)/microchip/xc16/v1.34/bin/bin/../../lib\liblega-c-elf.a(xputtxt.XX_eo)
                              c:/program files (x86)/microchip/xc16/v1.34/bin/bin/../../lib\liblega-c-elf.a(xprintf_cdnopuxX.XXeo) (__Puttxt)
c:/program files (x86)/microchip/xc16/v1.34/bin/bin/../../lib\liblega-c-elf.a(xvacopy.XX_eo)
                              c:/program files (x86)/microchip/xc16/v1.34/bin/bin/../../lib\liblega-c-elf.a(xprintf_cdnopuxX.XXeo) (__Vacopy)
c:/program files (x86)/microchip/xc16/v1.34/bin/bin/../../lib\liblega-pic30-elf.a(close.Leo)
                              c:/program files (x86)/microchip/xc16/v1.34/bin/bin/../../lib\liblega-c-elf.a(fclose.XX_elo) (_close)
c:/program files (x86)/microchip/xc16/v1.34/bin/bin/../../lib\liblega-pic30-elf.a(write.Leo)
                              c:/program files (x86)/microchip/xc16/v1.34/bin/bin/../../lib\liblega-c-elf.a(fflush.XX_eo) (_write)
c:/program files (x86)/microchip/xc16/v1.34/bin/bin/../../lib\liblega-pic30-elf.a(remove.Leo)
                              c:/program files (x86)/microchip/xc16/v1.34/bin/bin/../../lib\liblega-c-elf.a(fclose.XX_elo) (_remove)
c:/program files (x86)/microchip/xc16/v1.34/bin/bin/../../lib\liblega-pic30-elf.a(sbrk.Leo)
                              c:/program files (x86)/microchip/xc16/v1.34/bin/bin/../../lib\liblega-c-elf.a(xgetmem.XX_eo) (_sbrk)
c:/program files (x86)/microchip/xc16/v1.34/bin/bin/../../lib\liblega-pic30-elf.a(brk.Lelo)
                              c:/program files (x86)/microchip/xc16/v1.34/bin/bin/../../lib\liblega-pic30-elf.a(sbrk.Leo) (_brk)
c:/program files (x86)/microchip/xc16/v1.34/bin/bin/../../lib\libm-elf.a(divsi3.eo)
                              c:/program files (x86)/microchip/xc16/v1.34/bin/bin/../../lib\liblega-c-elf.a(xlitob.XX_eo) (___divsi3)
c:/program files (x86)/microchip/xc16/v1.34/bin/bin/../../lib\libm-elf.a(udivsi3.eo)
                              c:/program files (x86)/microchip/xc16/v1.34/bin/bin/../../lib\liblega-c-elf.a(xlitob.XX_eo) (___udivsi3)
c:/program files (x86)/microchip/xc16/v1.34/bin/bin/../../lib\libm-elf.a(umodsi3.eo)
                              c:/program files (x86)/microchip/xc16/v1.34/bin/bin/../../lib\liblega-c-elf.a(xlitob.XX_eo) (___umodsi3)
c:/program files (x86)/microchip/xc16/v1.34/bin/bin/../../lib\libm-elf.a(mulsi3.eo)
                              c:/program files (x86)/microchip/xc16/v1.34/bin/bin/../../lib\liblega-c-elf.a(fclose.XX_elo) (___mulsi3)
c:/program files (x86)/microchip/xc16/v1.34/bin/bin/../../lib\libm-elf.a(divmoddi3.eo)
                              c:/program files (x86)/microchip/xc16/v1.34/bin/bin/../../lib\liblega-c-elf.a(xlitob.XX_eo) (___udivdi3)


xc16-ld 1.34 (A)

"program" Memory  [Origin = 0x200, Length = 0x155fc]

section                    address   length (PC units)   length (bytes) (dec)
-------                    -------   -----------------   --------------------
.text                        0x200              0x10ba          0x1917  (6423)
.const                      0x12ba                0xa2            0xf3  (243)
.text                       0x135c                0xf6           0x171  (369)
.dinit                      0x1452                0xc8           0x12c  (300)
.text                       0x151a                0x90            0xd8  (216)

                 Total "program" memory used (bytes):         0x1d7f  (7551) 5%


"data" Memory  [Origin = 0x800, Length = 0x2000]

section                    address      alignment gaps    total length  (dec)
-------                    -------      --------------    -------------------
.nbss                        0x800                   0             0xa  (10)
.data                        0x80a                   0            0xc4  (196)
.bss                         0x8ce                   0             0x4  (4)
.data                        0x8d2                   0             0x2  (2)
.bss                         0x8d4                   0             0x2  (2)
.data                        0x8d6                   0             0x2  (2)
.bss                         0x8d8                   0             0x2  (2)

                 Total "data" memory used (bytes):           0xda  (218) 2%


Dynamic Memory Usage

region                     address                      maximum length  (dec)
------                     -------                      ---------------------
heap                             0                                   0  (0)
stack                        0x8da                              0x1f26  (7974)

                 Maximum dynamic memory (bytes):         0x1f26  (7974)


External Symbols in Data Memory (by address):

                    0x0800                  _device_ID
                    0x0802                  _x
                    0x0804                  _y
                    0x0806                  _z
                    0x0808                  _registerStatus
                    0x080a                  __Stdin
                    0x0832                  __Stdout
                    0x085a                  __Stderr
                    0x0882                  __Files
                    0x08ce                  __Aldata
                    0x08d2                  ___C30_UART
                    0x08d6                  __Size_block
                    0x08d8                  ___curbrk

External Symbols in Data Memory (by name):

                    0x08ce                  __Aldata
                    0x0882                  __Files
                    0x08d6                  __Size_block
                    0x085a                  __Stderr
                    0x080a                  __Stdin
                    0x0832                  __Stdout
                    0x08d2                  ___C30_UART
                    0x08d8                  ___curbrk
                    0x0800                  _device_ID
                    0x0808                  _registerStatus
                    0x0802                  _x
                    0x0804                  _y
                    0x0806                  _z

External Symbols in Program Memory (by address):

                  0x000200                  __resetPRI
                  0x00023c                  __psv_init
                  0x000252                  __data_init
                  0x000252                  __data_init_standard
                  0x0002d4                  __DefaultInterrupt
                  0x0003c4                  _puts
                  0x0003da                  _fputc
                  0x000426                  __DNKfflush
                  0x00049c                  _fputs
                  0x00052c                  _memcpy
                  0x00053a                  _strlen
                  0x000546                  _strrchr
                  0x00055a                  __Fwprep
                  0x0005ec                  __Closreg
                  0x0005fe                  _fclose
                  0x00068e                  fclose.XX_elo:_closeall
                  0x0006ae                  __Atexit
                  0x0006c6                  printf_cdnopuxX.XXeo:_prout
                  0x0006e2                  __printf_cdnopuxX
                  0x0006f2                  ___Printf_cdnopuxX
                  0x000856                  ___Putfld_cdnopuxX
                  0x000a7a                  _free
                  0x000ade                  _fwrite
                  0x000bec                  _malloc
                  0x000c40                  _memchr
                  0x000c54                  _strchr
                  0x000c6c                  __Getmem
                  0x000c80                  __Litob
                  0x000ede                  __Puttxt
                  0x001056                  __Vacopy
                  0x001066                  ___divsi3
                  0x001084                  ___udivsi3
                  0x0010a4                  ___umodsi3
                  0x0010aa                  ___mulp32peds3
                  0x0010aa                  ___mulsi3
                  0x0010aa                  ___mulp32eds3
                  0x001102                  ___udivmoddi3
                  0x0011e8                  ___udivdi3
                  0x0011f6                  ___umoddi3
                  0x0011fe                  ___divdi3
                  0x00125e                  ___moddi3
                  0x00135c                  _InitU2
                  0x00136e                  _SPIStart
                  0x001376                  _SPIEnd
                  0x00137e                  _main
                  0x00151a                  _SPI1Init
                  0x001528                  _writeSPI1
                  0x00154c                  _readSPI1
                  0x00156e                  _us_delay
                  0x00158a                  _ms_delay

External Symbols in Program Memory (by name):

                  0x00135c                  _InitU2
                  0x00151a                  _SPI1Init
                  0x001376                  _SPIEnd
                  0x00136e                  _SPIStart
                  0x0006ae                  __Atexit
                  0x0005ec                  __Closreg
                  0x000426                  __DNKfflush
                  0x0002d4                  __DefaultInterrupt
                  0x00055a                  __Fwprep
                  0x000c6c                  __Getmem
                  0x000c80                  __Litob
                  0x000ede                  __Puttxt
                  0x001056                  __Vacopy
                  0x0006f2                  ___Printf_cdnopuxX
                  0x000856                  ___Putfld_cdnopuxX
                  0x0011fe                  ___divdi3
                  0x001066                  ___divsi3
                  0x00125e                  ___moddi3
                  0x0010aa                  ___mulp32eds3
                  0x0010aa                  ___mulp32peds3
                  0x0010aa                  ___mulsi3
                  0x0011e8                  ___udivdi3
                  0x001102                  ___udivmoddi3
                  0x001084                  ___udivsi3
                  0x0011f6                  ___umoddi3
                  0x0010a4                  ___umodsi3
                  0x000252                  __data_init
                  0x000252                  __data_init_standard
                  0x0006e2                  __printf_cdnopuxX
                  0x00023c                  __psv_init
                  0x000200                  __resetPRI
                  0x0005fe                  _fclose
                  0x0003da                  _fputc
                  0x00049c                  _fputs
                  0x000a7a                  _free
                  0x000ade                  _fwrite
                  0x00137e                  _main
                  0x000bec                  _malloc
                  0x000c40                  _memchr
                  0x00052c                  _memcpy
                  0x00158a                  _ms_delay
                  0x0003c4                  _puts
                  0x00154c                  _readSPI1
                  0x000c54                  _strchr
                  0x00053a                  _strlen
                  0x000546                  _strrchr
                  0x00156e                  _us_delay
                  0x001528                  _writeSPI1
                  0x00068e                  fclose.XX_elo:_closeall
                  0x0006c6                  printf_cdnopuxX.XXeo:_prout

Memory Configuration

Name             Origin             Length             Attributes
data             0x000800           0x002000           a !xr
reset            0x000000           0x000004  
ivt              0x000004           0x0000fc  
_reserved        0x000100           0x000004  
aivt             0x000104           0x0000fc  
program          0x000200           0x0155fc           xr
CONFIG2          0x0157fc           0x000002  
CONFIG1          0x0157fe           0x000002  
*default*        0x000000           0xffffffff  

Linker script and memory map

LOAD build/default/production/spiCode.o
LOAD build/default/production/accelerometer_main.o
                    0x0001                  __MPLAB_BUILD = 0x1
LOAD pPIC24Fxxx
LOAD c:/program files (x86)/microchip/xc16/v1.34/bin/bin/../../lib\libfx-elf.a
                    0x157fc                  __CONFIG2 = 0x157fc
                    0x157fe                  __CONFIG1 = 0x157fe
                    0x0200                  __CODE_BASE = 0x200
                    0x155fc                  __CODE_LENGTH = 0x155fc
                    0x0004                  __IVT_BASE = 0x4
                    0x0104                  __AIVT_BASE = 0x104
                    0x0800                  __DATA_BASE = 0x800
                    0x2000                  __DATA_LENGTH = 0x2000

.reset            0x000000          0x4
                  0x000000          0x2 SHORT 0x200 ABSOLUTE (__reset)
                  0x000001          0x2 SHORT 0x4
                  0x000002          0x2 SHORT 0x0 ((ABSOLUTE (__reset) >> 0x10) & 0x7f)
                  0x000003          0x2 SHORT 0x0

.text             0x000200       0x10ba
 *(.init)
 .init            0x000200         0x4c c:/program files (x86)/microchip/xc16/v1.34/bin/bin/../../lib\liblega-pic30-elf.a(crt0_standard.o)
                  0x000200                  __resetPRI
                  0x000200                  __reset
                  0x00023c                  __psv_init
 .init            0x00024c         0x7c c:/program files (x86)/microchip/xc16/v1.34/bin/bin/../../lib\liblega-pic30-elf.a(data_init_standard.o)
                  0x000252                  __data_init_standard
                  0x000252                  __data_init
 *(.user_init)
 *(.handle)
 .handle          0x0002c8          0xc jump_table
 *(.isr*)
 .isr             0x0002d4          0x4 default_isr
                  0x0002d4                  __DefaultInterrupt
 *(.libc)
 .libc            0x0002d8         0x12 c:/program files (x86)/microchip/xc16/v1.34/bin/bin/../../lib\liblega-pic30-elf.a(close.Leo)
                  0x0002d8                  _close
 .libc            0x0002ea         0x84 c:/program files (x86)/microchip/xc16/v1.34/bin/bin/../../lib\liblega-pic30-elf.a(write.Leo)
                  0x0002ea                  _write
 .libc            0x00036e         0x12 c:/program files (x86)/microchip/xc16/v1.34/bin/bin/../../lib\liblega-pic30-elf.a(remove.Leo)
                  0x00036e                  _remove
 .libc            0x000380         0x28 c:/program files (x86)/microchip/xc16/v1.34/bin/bin/../../lib\liblega-pic30-elf.a(sbrk.Leo)
                  0x000380                  _sbrk
 .libc            0x0003a8         0x1a c:/program files (x86)/microchip/xc16/v1.34/bin/bin/../../lib\liblega-pic30-elf.a(brk.Lelo)
                  0x0003a8                  _brk
 *(.libm)
 *(.libdsp)
 *(.lib*)
 .libpic30_crt_start_mode
                  0x0003c2          0x2 c:/program files (x86)/microchip/xc16/v1.34/bin/bin/../../lib\liblega-pic30-elf.a(crt_start_mode_normal.Leo)
                  0x0003c2                  __crt_start_mode
                  0x0003c2                  __crt_start_mode_normal
 .libc.puts       0x0003c4         0x16 c:/program files (x86)/microchip/xc16/v1.34/bin/bin/../../lib\liblega-c-elf.a(puts.XX_eo)
                  0x0003c4                  _puts
 .libc.fputc      0x0003da         0x4c c:/program files (x86)/microchip/xc16/v1.34/bin/bin/../../lib\liblega-c-elf.a(fputc.XX_elo)
                  0x0003da                  _fputc
 .libc._DNKfflush
                  0x000426         0x76 c:/program files (x86)/microchip/xc16/v1.34/bin/bin/../../lib\liblega-c-elf.a(fflush.XX_eo)
                  0x000426                  __DNKfflush
 .libc.fputs      0x00049c         0x90 c:/program files (x86)/microchip/xc16/v1.34/bin/bin/../../lib\liblega-c-elf.a(fputs.XX_eo)
                  0x00049c                  _fputs
 .libc.memcpy     0x00052c          0xe c:/program files (x86)/microchip/xc16/v1.34/bin/bin/../../lib\liblega-c-elf.a(memcpy.XX_eo)
                  0x00052c                  _memcpy
 .libc.strlen     0x00053a          0xc c:/program files (x86)/microchip/xc16/v1.34/bin/bin/../../lib\liblega-c-elf.a(strlen.XX_eo)
                  0x00053a                  _strlen
 .libc.strrchr    0x000546         0x14 c:/program files (x86)/microchip/xc16/v1.34/bin/bin/../../lib\liblega-c-elf.a(strrchr.XX_eo)
                  0x000546                  _strrchr
 .libc._Fwprep    0x00055a         0x8e c:/program files (x86)/microchip/xc16/v1.34/bin/bin/../../lib\liblega-c-elf.a(xfwprep.XX_eo)
                  0x00055a                  __Fwprep
 .libc.closeallreg
                  0x0005e8          0x4 c:/program files (x86)/microchip/xc16/v1.34/bin/bin/../../lib\liblega-c-elf.a(fclose.XX_elo)
 .libc._Closreg
                  0x0005ec         0x12 c:/program files (x86)/microchip/xc16/v1.34/bin/bin/../../lib\liblega-c-elf.a(fclose.XX_elo)
                  0x0005ec                  __Closreg
 .libc.fclose     0x0005fe         0x90 c:/program files (x86)/microchip/xc16/v1.34/bin/bin/../../lib\liblega-c-elf.a(fclose.XX_elo)
                  0x0005fe                  _fclose
 .libc.closeall
                  0x00068e         0x20 c:/program files (x86)/microchip/xc16/v1.34/bin/bin/../../lib\liblega-c-elf.a(fclose.XX_elo)
                  0x00068e                  fclose.XX_elo:_closeall
 .libc._Atexit    0x0006ae         0x18 c:/program files (x86)/microchip/xc16/v1.34/bin/bin/../../lib\liblega-c-elf.a(xatexit.XX_elo)
                  0x0006ae                  __Atexit
 .libc.prout      0x0006c6         0x1c c:/program files (x86)/microchip/xc16/v1.34/bin/bin/../../lib\liblega-c-elf.a(printf_cdnopuxX.XXeo)
                  0x0006c6                  printf_cdnopuxX.XXeo:_prout
 .libc._printf_cdnopuxX
                  0x0006e2         0x10 c:/program files (x86)/microchip/xc16/v1.34/bin/bin/../../lib\liblega-c-elf.a(printf_cdnopuxX.XXeo)
                  0x0006e2                  __printf_cdnopuxX
 .libc.__Printf_cdnopuxX
                  0x0006f2        0x164 c:/program files (x86)/microchip/xc16/v1.34/bin/bin/../../lib\liblega-c-elf.a(xprintf_cdnopuxX.XXeo)
                  0x0006f2                  ___Printf_cdnopuxX
 .libc.__Putfld_cdnopuxX
                  0x000856        0x224 c:/program files (x86)/microchip/xc16/v1.34/bin/bin/../../lib\liblega-c-elf.a(xputfld_cdnopuxX.XXeo)
                  0x000856                  ___Putfld_cdnopuxX
 .libc.free       0x000a7a         0x64 c:/program files (x86)/microchip/xc16/v1.34/bin/bin/../../lib\liblega-c-elf.a(free.XX_eo)
                  0x000a7a                  _free
 .libc.fwrite     0x000ade         0xa8 c:/program files (x86)/microchip/xc16/v1.34/bin/bin/../../lib\liblega-c-elf.a(fwrite.XX_eo)
                  0x000ade                  _fwrite
 .libc.findmem    0x000b86         0x66 c:/program files (x86)/microchip/xc16/v1.34/bin/bin/../../lib\liblega-c-elf.a(malloc.XX_eo)
 .libc.malloc     0x000bec         0x54 c:/program files (x86)/microchip/xc16/v1.34/bin/bin/../../lib\liblega-c-elf.a(malloc.XX_eo)
                  0x000bec                  _malloc
 .libc.memchr     0x000c40         0x14 c:/program files (x86)/microchip/xc16/v1.34/bin/bin/../../lib\liblega-c-elf.a(memchr.XX_eo)
                  0x000c40                  _memchr
 .libc.strchr     0x000c54         0x18 c:/program files (x86)/microchip/xc16/v1.34/bin/bin/../../lib\liblega-c-elf.a(strchr.XX_eo)
                  0x000c54                  _strchr
 .libc._Getmem    0x000c6c         0x14 c:/program files (x86)/microchip/xc16/v1.34/bin/bin/../../lib\liblega-c-elf.a(xgetmem.XX_eo)
                  0x000c6c                  __Getmem
 .libc._Litob     0x000c80        0x25e c:/program files (x86)/microchip/xc16/v1.34/bin/bin/../../lib\liblega-c-elf.a(xlitob.XX_eo)
                  0x000c80                  __Litob
 .libc._Puttxt    0x000ede        0x178 c:/program files (x86)/microchip/xc16/v1.34/bin/bin/../../lib\liblega-c-elf.a(xputtxt.XX_eo)
                  0x000ede                  __Puttxt
 .libc._Vacopy    0x001056          0x4 c:/program files (x86)/microchip/xc16/v1.34/bin/bin/../../lib\liblega-c-elf.a(xvacopy.XX_eo)
                  0x001056                  __Vacopy
 .libc.doclose    0x00105a          0x4 c:/program files (x86)/microchip/xc16/v1.34/bin/bin/../../lib\liblega-pic30-elf.a(close.Leo)
 .libc.dowrite    0x00105e          0x4 c:/program files (x86)/microchip/xc16/v1.34/bin/bin/../../lib\liblega-pic30-elf.a(write.Leo)
 .libc.doremove
                  0x001062          0x4 c:/program files (x86)/microchip/xc16/v1.34/bin/bin/../../lib\liblega-pic30-elf.a(remove.Leo)
 .libm.divsi3     0x001066         0x1e c:/program files (x86)/microchip/xc16/v1.34/bin/bin/../../lib\libm-elf.a(divsi3.eo)
                  0x001066                  ___divsi3
 .libm.udivsi3    0x001084         0x20 c:/program files (x86)/microchip/xc16/v1.34/bin/bin/../../lib\libm-elf.a(udivsi3.eo)
                  0x001084                  ___udivsi3
 .libm.umodsi3    0x0010a4          0x6 c:/program files (x86)/microchip/xc16/v1.34/bin/bin/../../lib\libm-elf.a(umodsi3.eo)
                  0x0010a4                  ___umodsi3
 .libm.mulsi3     0x0010aa          0xc c:/program files (x86)/microchip/xc16/v1.34/bin/bin/../../lib\libm-elf.a(mulsi3.eo)
                  0x0010aa                  ___mulp32peds3
                  0x0010aa                  ___mulsi3
                  0x0010aa                  ___mulp32eds3
 .libm.__PplusBdi
                  0x0010b6         0x26 c:/program files (x86)/microchip/xc16/v1.34/bin/bin/../../lib\libm-elf.a(divmoddi3.eo)
 .libm.__PminusBdi
                  0x0010dc         0x26 c:/program files (x86)/microchip/xc16/v1.34/bin/bin/../../lib\libm-elf.a(divmoddi3.eo)
 .libm.__udivmoddi3
                  0x001102         0xe6 c:/program files (x86)/microchip/xc16/v1.34/bin/bin/../../lib\libm-elf.a(divmoddi3.eo)
                  0x001102                  ___udivmoddi3
 .libm.__udivdi3
                  0x0011e8          0xe c:/program files (x86)/microchip/xc16/v1.34/bin/bin/../../lib\libm-elf.a(divmoddi3.eo)
                  0x0011e8                  ___udivdi3
 .libm.__umoddi3
                  0x0011f6          0x8 c:/program files (x86)/microchip/xc16/v1.34/bin/bin/../../lib\libm-elf.a(divmoddi3.eo)
                  0x0011f6                  ___umoddi3
 .libm.__divdi3
                  0x0011fe         0x60 c:/program files (x86)/microchip/xc16/v1.34/bin/bin/../../lib\libm-elf.a(divmoddi3.eo)
                  0x0011fe                  ___divdi3
 .libm.__moddi3
                  0x00125e         0x5c c:/program files (x86)/microchip/xc16/v1.34/bin/bin/../../lib\libm-elf.a(divmoddi3.eo)
                  0x00125e                  ___moddi3

usercode
 *(usercode)

__CONFIG2         0x0157fc          0x2
 *(__CONFIG2.sec*)
 __CONFIG2.sec    0x0157fc          0x2 build/default/production/spiCode.o

__CONFIG1         0x0157fe          0x2
 *(__CONFIG1.sec*)
 __CONFIG1.sec    0x0157fe          0x2 build/default/production/spiCode.o

.comment          0x000000         0x5e
 *(.comment)
 .comment         0x000000         0x5e c:/program files (x86)/microchip/xc16/v1.34/bin/bin/../../lib\liblega-c-elf.a(xfiles.XX_eo)

.debug_info       0x000000        0xa74
 *(.debug_info)
 .debug_info      0x000000        0x495 build/default/production/spiCode.o
 .debug_info      0x000495        0x5df build/default/production/accelerometer_main.o
 *(.gnu.linkonce.wi.*)

.debug_abbrev     0x000000        0x246
 *(.debug_abbrev)
 .debug_abbrev    0x000000        0x13d build/default/production/spiCode.o
 .debug_abbrev    0x00013d        0x109 build/default/production/accelerometer_main.o

.debug_line       0x000000        0x28a
 *(.debug_line)
 .debug_line      0x000000        0x104 build/default/production/spiCode.o
 .debug_line      0x000104        0x186 build/default/production/accelerometer_main.o

.debug_frame      0x000000        0x138
 *(.debug_frame)
 .debug_frame     0x000000         0xa0 build/default/production/spiCode.o
 .debug_frame     0x0000a0         0x98 build/default/production/accelerometer_main.o

.debug_str        0x000000         0x48
 *(.debug_str)
 .debug_str       0x000000         0x1f build/default/production/spiCode.o
 .debug_str       0x00001f         0x29 build/default/production/accelerometer_main.o

.debug_loc
 *(.debug_loc)

.debug_macinfo
 *(.debug_macinfo)

.debug_pubnames
                  0x000000         0xdf
 *(.debug_pubnames)
 .debug_pubnames
                  0x000000         0x81 build/default/production/spiCode.o
 .debug_pubnames
                  0x000081         0x5e build/default/production/accelerometer_main.o

.debug_ranges
 *(.debug_ranges)

.debug_aranges    0x000000         0x30
 *(.debug_aranges)
 .debug_aranges
                  0x000000         0x18 build/default/production/spiCode.o
 .debug_aranges
                  0x000018         0x18 build/default/production/accelerometer_main.o
                    0x0000                  WREG0 = 0x0
                    0x0000                  _WREG0 = 0x0
                    0x0002                  WREG1 = 0x2
                    0x0002                  _WREG1 = 0x2
                    0x0004                  WREG2 = 0x4
                    0x0004                  _WREG2 = 0x4
                    0x0006                  WREG3 = 0x6
                    0x0006                  _WREG3 = 0x6
                    0x0008                  WREG4 = 0x8
                    0x0008                  _WREG4 = 0x8
                    0x000a                  WREG5 = 0xa
                    0x000a                  _WREG5 = 0xa
                    0x000c                  WREG6 = 0xc
                    0x000c                  _WREG6 = 0xc
                    0x000e                  WREG7 = 0xe
                    0x000e                  _WREG7 = 0xe
                    0x0010                  WREG8 = 0x10
                    0x0010                  _WREG8 = 0x10
                    0x0012                  WREG9 = 0x12
                    0x0012                  _WREG9 = 0x12
                    0x0014                  WREG10 = 0x14
                    0x0014                  _WREG10 = 0x14
                    0x0016                  WREG11 = 0x16
                    0x0016                  _WREG11 = 0x16
                    0x0018                  WREG12 = 0x18
                    0x0018                  _WREG12 = 0x18
                    0x001a                  WREG13 = 0x1a
                    0x001a                  _WREG13 = 0x1a
                    0x001c                  WREG14 = 0x1c
                    0x001c                  _WREG14 = 0x1c
                    0x001e                  WREG15 = 0x1e
                    0x001e                  _WREG15 = 0x1e
                    0x0020                  SPLIM = 0x20
                    0x0020                  _SPLIM = 0x20
                    0x002e                  PCL = 0x2e
                    0x002e                  _PCL = 0x2e
                    0x0030                  PCH = 0x30
                    0x0030                  _PCH = 0x30
                    0x0032                  TBLPAG = 0x32
                    0x0032                  _TBLPAG = 0x32
                    0x0034                  PSVPAG = 0x34
                    0x0034                  _PSVPAG = 0x34
                    0x0036                  RCOUNT = 0x36
                    0x0036                  _RCOUNT = 0x36
                    0x0042                  SR = 0x42
                    0x0042                  _SR = 0x42
                    0x0042                  _SRbits = 0x42
                    0x0044                  CORCON = 0x44
                    0x0044                  _CORCON = 0x44
                    0x0044                  _CORCONbits = 0x44
                    0x0052                  DISICNT = 0x52
                    0x0052                  _DISICNT = 0x52
                    0x0060                  CNEN1 = 0x60
                    0x0060                  _CNEN1 = 0x60
                    0x0060                  _CNEN1bits = 0x60
                    0x0062                  CNEN2 = 0x62
                    0x0062                  _CNEN2 = 0x62
                    0x0062                  _CNEN2bits = 0x62
                    0x0068                  CNPU1 = 0x68
                    0x0068                  _CNPU1 = 0x68
                    0x0068                  _CNPU1bits = 0x68
                    0x006a                  CNPU2 = 0x6a
                    0x006a                  _CNPU2 = 0x6a
                    0x006a                  _CNPU2bits = 0x6a
                    0x0080                  INTCON1 = 0x80
                    0x0080                  _INTCON1 = 0x80
                    0x0080                  _INTCON1bits = 0x80
                    0x0082                  INTCON2 = 0x82
                    0x0082                  _INTCON2 = 0x82
                    0x0082                  _INTCON2bits = 0x82
                    0x0084                  IFS0 = 0x84
                    0x0084                  _IFS0 = 0x84
                    0x0084                  _IFS0bits = 0x84
                    0x0086                  IFS1 = 0x86
                    0x0086                  _IFS1 = 0x86
                    0x0086                  _IFS1bits = 0x86
                    0x0088                  IFS2 = 0x88
                    0x0088                  _IFS2 = 0x88
                    0x0088                  _IFS2bits = 0x88
                    0x008a                  IFS3 = 0x8a
                    0x008a                  _IFS3 = 0x8a
                    0x008a                  _IFS3bits = 0x8a
                    0x008c                  IFS4 = 0x8c
                    0x008c                  _IFS4 = 0x8c
                    0x008c                  _IFS4bits = 0x8c
                    0x0094                  IEC0 = 0x94
                    0x0094                  _IEC0 = 0x94
                    0x0094                  _IEC0bits = 0x94
                    0x0096                  IEC1 = 0x96
                    0x0096                  _IEC1 = 0x96
                    0x0096                  _IEC1bits = 0x96
                    0x0098                  IEC2 = 0x98
                    0x0098                  _IEC2 = 0x98
                    0x0098                  _IEC2bits = 0x98
                    0x009a                  IEC3 = 0x9a
                    0x009a                  _IEC3 = 0x9a
                    0x009a                  _IEC3bits = 0x9a
                    0x009c                  IEC4 = 0x9c
                    0x009c                  _IEC4 = 0x9c
                    0x009c                  _IEC4bits = 0x9c
                    0x00a4                  IPC0 = 0xa4
                    0x00a4                  _IPC0 = 0xa4
                    0x00a4                  _IPC0bits = 0xa4
                    0x00a6                  IPC1 = 0xa6
                    0x00a6                  _IPC1 = 0xa6
                    0x00a6                  _IPC1bits = 0xa6
                    0x00a8                  IPC2 = 0xa8
                    0x00a8                  _IPC2 = 0xa8
                    0x00a8                  _IPC2bits = 0xa8
                    0x00aa                  IPC3 = 0xaa
                    0x00aa                  _IPC3 = 0xaa
                    0x00aa                  _IPC3bits = 0xaa
                    0x00ac                  IPC4 = 0xac
                    0x00ac                  _IPC4 = 0xac
                    0x00ac                  _IPC4bits = 0xac
                    0x00ae                  IPC5 = 0xae
                    0x00ae                  _IPC5 = 0xae
                    0x00ae                  _IPC5bits = 0xae
                    0x00b0                  IPC6 = 0xb0
                    0x00b0                  _IPC6 = 0xb0
                    0x00b0                  _IPC6bits = 0xb0
                    0x00b2                  IPC7 = 0xb2
                    0x00b2                  _IPC7 = 0xb2
                    0x00b2                  _IPC7bits = 0xb2
                    0x00b4                  IPC8 = 0xb4
                    0x00b4                  _IPC8 = 0xb4
                    0x00b4                  _IPC8bits = 0xb4
                    0x00b6                  IPC9 = 0xb6
                    0x00b6                  _IPC9 = 0xb6
                    0x00b6                  _IPC9bits = 0xb6
                    0x00b8                  IPC10 = 0xb8
                    0x00b8                  _IPC10 = 0xb8
                    0x00b8                  _IPC10bits = 0xb8
                    0x00ba                  IPC11 = 0xba
                    0x00ba                  _IPC11 = 0xba
                    0x00ba                  _IPC11bits = 0xba
                    0x00bc                  IPC12 = 0xbc
                    0x00bc                  _IPC12 = 0xbc
                    0x00bc                  _IPC12bits = 0xbc
                    0x00be                  IPC13 = 0xbe
                    0x00be                  _IPC13 = 0xbe
                    0x00be                  _IPC13bits = 0xbe
                    0x00c2                  IPC15 = 0xc2
                    0x00c2                  _IPC15 = 0xc2
                    0x00c2                  _IPC15bits = 0xc2
                    0x00c4                  IPC16 = 0xc4
                    0x00c4                  _IPC16 = 0xc4
                    0x00c4                  _IPC16bits = 0xc4
                    0x00e0                  INTTREG = 0xe0
                    0x00e0                  _INTTREG = 0xe0
                    0x00e0                  _INTTREGbits = 0xe0
                    0x0100                  TMR1 = 0x100
                    0x0100                  _TMR1 = 0x100
                    0x0102                  PR1 = 0x102
                    0x0102                  _PR1 = 0x102
                    0x0104                  T1CON = 0x104
                    0x0104                  _T1CON = 0x104
                    0x0104                  _T1CONbits = 0x104
                    0x0106                  TMR2 = 0x106
                    0x0106                  _TMR2 = 0x106
                    0x0108                  TMR3HLD = 0x108
                    0x0108                  _TMR3HLD = 0x108
                    0x010a                  TMR3 = 0x10a
                    0x010a                  _TMR3 = 0x10a
                    0x010c                  PR2 = 0x10c
                    0x010c                  _PR2 = 0x10c
                    0x010e                  PR3 = 0x10e
                    0x010e                  _PR3 = 0x10e
                    0x0110                  T2CON = 0x110
                    0x0110                  _T2CON = 0x110
                    0x0110                  _T2CONbits = 0x110
                    0x0112                  T3CON = 0x112
                    0x0112                  _T3CON = 0x112
                    0x0112                  _T3CONbits = 0x112
                    0x0114                  TMR4 = 0x114
                    0x0114                  _TMR4 = 0x114
                    0x0116                  TMR5HLD = 0x116
                    0x0116                  _TMR5HLD = 0x116
                    0x0118                  TMR5 = 0x118
                    0x0118                  _TMR5 = 0x118
                    0x011a                  PR4 = 0x11a
                    0x011a                  _PR4 = 0x11a
                    0x011c                  PR5 = 0x11c
                    0x011c                  _PR5 = 0x11c
                    0x011e                  T4CON = 0x11e
                    0x011e                  _T4CON = 0x11e
                    0x011e                  _T4CONbits = 0x11e
                    0x0120                  T5CON = 0x120
                    0x0120                  _T5CON = 0x120
                    0x0120                  _T5CONbits = 0x120
                    0x0140                  IC1BUF = 0x140
                    0x0140                  _IC1BUF = 0x140
                    0x0142                  IC1CON = 0x142
                    0x0142                  _IC1CON = 0x142
                    0x0142                  _IC1CONbits = 0x142
                    0x0144                  IC2BUF = 0x144
                    0x0144                  _IC2BUF = 0x144
                    0x0146                  IC2CON = 0x146
                    0x0146                  _IC2CON = 0x146
                    0x0146                  _IC2CONbits = 0x146
                    0x0148                  IC3BUF = 0x148
                    0x0148                  _IC3BUF = 0x148
                    0x014a                  IC3CON = 0x14a
                    0x014a                  _IC3CON = 0x14a
                    0x014a                  _IC3CONbits = 0x14a
                    0x014c                  IC4BUF = 0x14c
                    0x014c                  _IC4BUF = 0x14c
                    0x014e                  IC4CON = 0x14e
                    0x014e                  _IC4CON = 0x14e
                    0x014e                  _IC4CONbits = 0x14e
                    0x0150                  IC5BUF = 0x150
                    0x0150                  _IC5BUF = 0x150
                    0x0152                  IC5CON = 0x152
                    0x0152                  _IC5CON = 0x152
                    0x0152                  _IC5CONbits = 0x152
                    0x0180                  OC1RS = 0x180
                    0x0180                  _OC1RS = 0x180
                    0x0182                  OC1R = 0x182
                    0x0182                  _OC1R = 0x182
                    0x0184                  OC1CON = 0x184
                    0x0184                  _OC1CON = 0x184
                    0x0184                  _OC1CONbits = 0x184
                    0x0186                  OC2RS = 0x186
                    0x0186                  _OC2RS = 0x186
                    0x0188                  OC2R = 0x188
                    0x0188                  _OC2R = 0x188
                    0x018a                  OC2CON = 0x18a
                    0x018a                  _OC2CON = 0x18a
                    0x018a                  _OC2CONbits = 0x18a
                    0x018c                  OC3RS = 0x18c
                    0x018c                  _OC3RS = 0x18c
                    0x018e                  OC3R = 0x18e
                    0x018e                  _OC3R = 0x18e
                    0x0190                  OC3CON = 0x190
                    0x0190                  _OC3CON = 0x190
                    0x0190                  _OC3CONbits = 0x190
                    0x0192                  OC4RS = 0x192
                    0x0192                  _OC4RS = 0x192
                    0x0194                  OC4R = 0x194
                    0x0194                  _OC4R = 0x194
                    0x0196                  OC4CON = 0x196
                    0x0196                  _OC4CON = 0x196
                    0x0196                  _OC4CONbits = 0x196
                    0x0198                  OC5RS = 0x198
                    0x0198                  _OC5RS = 0x198
                    0x019a                  OC5R = 0x19a
                    0x019a                  _OC5R = 0x19a
                    0x019c                  OC5CON = 0x19c
                    0x019c                  _OC5CON = 0x19c
                    0x019c                  _OC5CONbits = 0x19c
                    0x0200                  I2C1RCV = 0x200
                    0x0200                  _I2C1RCV = 0x200
                    0x0202                  I2C1TRN = 0x202
                    0x0202                  _I2C1TRN = 0x202
                    0x0204                  I2C1BRG = 0x204
                    0x0204                  _I2C1BRG = 0x204
                    0x0206                  I2C1CON = 0x206
                    0x0206                  _I2C1CON = 0x206
                    0x0206                  _I2C1CONbits = 0x206
                    0x0208                  I2C1STAT = 0x208
                    0x0208                  _I2C1STAT = 0x208
                    0x0208                  _I2C1STATbits = 0x208
                    0x020a                  I2C1ADD = 0x20a
                    0x020a                  _I2C1ADD = 0x20a
                    0x020c                  I2C1MSK = 0x20c
                    0x020c                  _I2C1MSK = 0x20c
                    0x0210                  I2C2RCV = 0x210
                    0x0210                  _I2C2RCV = 0x210
                    0x0212                  I2C2TRN = 0x212
                    0x0212                  _I2C2TRN = 0x212
                    0x0214                  I2C2BRG = 0x214
                    0x0214                  _I2C2BRG = 0x214
                    0x0216                  I2C2CON = 0x216
                    0x0216                  _I2C2CON = 0x216
                    0x0216                  _I2C2CONbits = 0x216
                    0x0218                  I2C2STAT = 0x218
                    0x0218                  _I2C2STAT = 0x218
                    0x0218                  _I2C2STATbits = 0x218
                    0x021a                  I2C2ADD = 0x21a
                    0x021a                  _I2C2ADD = 0x21a
                    0x021c                  I2C2MSK = 0x21c
                    0x021c                  _I2C2MSK = 0x21c
                    0x0220                  U1MODE = 0x220
                    0x0220                  _U1MODE = 0x220
                    0x0220                  _U1MODEbits = 0x220
                    0x0222                  U1STA = 0x222
                    0x0222                  _U1STA = 0x222
                    0x0222                  _U1STAbits = 0x222
                    0x0224                  U1TXREG = 0x224
                    0x0224                  _U1TXREG = 0x224
                    0x0226                  U1RXREG = 0x226
                    0x0226                  _U1RXREG = 0x226
                    0x0228                  U1BRG = 0x228
                    0x0228                  _U1BRG = 0x228
                    0x0230                  U2MODE = 0x230
                    0x0230                  _U2MODE = 0x230
                    0x0230                  _U2MODEbits = 0x230
                    0x0232                  U2STA = 0x232
                    0x0232                  _U2STA = 0x232
                    0x0232                  _U2STAbits = 0x232
                    0x0234                  U2TXREG = 0x234
                    0x0234                  _U2TXREG = 0x234
                    0x0236                  U2RXREG = 0x236
                    0x0236                  _U2RXREG = 0x236
                    0x0238                  U2BRG = 0x238
                    0x0238                  _U2BRG = 0x238
                    0x0240                  SPI1STAT = 0x240
                    0x0240                  _SPI1STAT = 0x240
                    0x0240                  _SPI1STATbits = 0x240
                    0x0242                  SPI1CON1 = 0x242
                    0x0242                  _SPI1CON1 = 0x242
                    0x0242                  _SPI1CON1bits = 0x242
                    0x0244                  SPI1CON2 = 0x244
                    0x0244                  _SPI1CON2 = 0x244
                    0x0244                  _SPI1CON2bits = 0x244
                    0x0248                  SPI1BUF = 0x248
                    0x0248                  _SPI1BUF = 0x248
                    0x0260                  SPI2STAT = 0x260
                    0x0260                  _SPI2STAT = 0x260
                    0x0260                  _SPI2STATbits = 0x260
                    0x0262                  SPI2CON1 = 0x262
                    0x0262                  _SPI2CON1 = 0x262
                    0x0262                  _SPI2CON1bits = 0x262
                    0x0264                  SPI2CON2 = 0x264
                    0x0264                  _SPI2CON2 = 0x264
                    0x0264                  _SPI2CON2bits = 0x264
                    0x0268                  SPI2BUF = 0x268
                    0x0268                  _SPI2BUF = 0x268
                    0x02c0                  TRISA = 0x2c0
                    0x02c0                  _TRISA = 0x2c0
                    0x02c0                  _TRISAbits = 0x2c0
                    0x02c2                  PORTA = 0x2c2
                    0x02c2                  _PORTA = 0x2c2
                    0x02c2                  _PORTAbits = 0x2c2
                    0x02c4                  LATA = 0x2c4
                    0x02c4                  _LATA = 0x2c4
                    0x02c4                  _LATAbits = 0x2c4
                    0x02c6                  TRISB = 0x2c6
                    0x02c6                  _TRISB = 0x2c6
                    0x02c6                  _TRISBbits = 0x2c6
                    0x02c8                  PORTB = 0x2c8
                    0x02c8                  _PORTB = 0x2c8
                    0x02c8                  _PORTBbits = 0x2c8
                    0x02ca                  LATB = 0x2ca
                    0x02ca                  _LATB = 0x2ca
                    0x02ca                  _LATBbits = 0x2ca
                    0x02cc                  TRISC = 0x2cc
                    0x02cc                  _TRISC = 0x2cc
                    0x02cc                  _TRISCbits = 0x2cc
                    0x02ce                  PORTC = 0x2ce
                    0x02ce                  _PORTC = 0x2ce
                    0x02ce                  _PORTCbits = 0x2ce
                    0x02d0                  LATC = 0x2d0
                    0x02d0                  _LATC = 0x2d0
                    0x02d0                  _LATCbits = 0x2d0
                    0x02d2                  TRISD = 0x2d2
                    0x02d2                  _TRISD = 0x2d2
                    0x02d2                  _TRISDbits = 0x2d2
                    0x02d4                  PORTD = 0x2d4
                    0x02d4                  _PORTD = 0x2d4
                    0x02d4                  _PORTDbits = 0x2d4
                    0x02d6                  LATD = 0x2d6
                    0x02d6                  _LATD = 0x2d6
                    0x02d6                  _LATDbits = 0x2d6
                    0x02d8                  TRISE = 0x2d8
                    0x02d8                  _TRISE = 0x2d8
                    0x02d8                  _TRISEbits = 0x2d8
                    0x02da                  PORTE = 0x2da
                    0x02da                  _PORTE = 0x2da
                    0x02da                  _PORTEbits = 0x2da
                    0x02dc                  LATE = 0x2dc
                    0x02dc                  _LATE = 0x2dc
                    0x02dc                  _LATEbits = 0x2dc
                    0x02de                  TRISF = 0x2de
                    0x02de                  _TRISF = 0x2de
                    0x02de                  _TRISFbits = 0x2de
                    0x02e0                  PORTF = 0x2e0
                    0x02e0                  _PORTF = 0x2e0
                    0x02e0                  _PORTFbits = 0x2e0
                    0x02e2                  LATF = 0x2e2
                    0x02e2                  _LATF = 0x2e2
                    0x02e2                  _LATFbits = 0x2e2
                    0x02e4                  TRISG = 0x2e4
                    0x02e4                  _TRISG = 0x2e4
                    0x02e4                  _TRISGbits = 0x2e4
                    0x02e6                  PORTG = 0x2e6
                    0x02e6                  _PORTG = 0x2e6
                    0x02e6                  _PORTGbits = 0x2e6
                    0x02e8                  LATG = 0x2e8
                    0x02e8                  _LATG = 0x2e8
                    0x02e8                  _LATGbits = 0x2e8
                    0x02fc                  PADCFG1 = 0x2fc
                    0x02fc                  _PADCFG1 = 0x2fc
                    0x02fc                  _PADCFG1bits = 0x2fc
                    0x0300                  ADC1BUF0 = 0x300
                    0x0300                  _ADC1BUF0 = 0x300
                    0x0302                  ADC1BUF1 = 0x302
                    0x0302                  _ADC1BUF1 = 0x302
                    0x0304                  ADC1BUF2 = 0x304
                    0x0304                  _ADC1BUF2 = 0x304
                    0x0306                  ADC1BUF3 = 0x306
                    0x0306                  _ADC1BUF3 = 0x306
                    0x0308                  ADC1BUF4 = 0x308
                    0x0308                  _ADC1BUF4 = 0x308
                    0x030a                  ADC1BUF5 = 0x30a
                    0x030a                  _ADC1BUF5 = 0x30a
                    0x030c                  ADC1BUF6 = 0x30c
                    0x030c                  _ADC1BUF6 = 0x30c
                    0x030e                  ADC1BUF7 = 0x30e
                    0x030e                  _ADC1BUF7 = 0x30e
                    0x0310                  ADC1BUF8 = 0x310
                    0x0310                  _ADC1BUF8 = 0x310
                    0x0312                  ADC1BUF9 = 0x312
                    0x0312                  _ADC1BUF9 = 0x312
                    0x0314                  ADC1BUFA = 0x314
                    0x0314                  _ADC1BUFA = 0x314
                    0x0316                  ADC1BUFB = 0x316
                    0x0316                  _ADC1BUFB = 0x316
                    0x0318                  ADC1BUFC = 0x318
                    0x0318                  _ADC1BUFC = 0x318
                    0x031a                  ADC1BUFD = 0x31a
                    0x031a                  _ADC1BUFD = 0x31a
                    0x031c                  ADC1BUFE = 0x31c
                    0x031c                  _ADC1BUFE = 0x31c
                    0x031e                  ADC1BUFF = 0x31e
                    0x031e                  _ADC1BUFF = 0x31e
                    0x0320                  AD1CON1 = 0x320
                    0x0320                  _AD1CON1 = 0x320
                    0x0320                  _AD1CON1bits = 0x320
                    0x0322                  AD1CON2 = 0x322
                    0x0322                  _AD1CON2 = 0x322
                    0x0322                  _AD1CON2bits = 0x322
                    0x0324                  AD1CON3 = 0x324
                    0x0324                  _AD1CON3 = 0x324
                    0x0324                  _AD1CON3bits = 0x324
                    0x0328                  AD1CHS = 0x328
                    0x0328                  _AD1CHS = 0x328
                    0x0328                  _AD1CHSbits = 0x328
                    0x032c                  AD1PCFG = 0x32c
                    0x032c                  _AD1PCFG = 0x32c
                    0x032c                  _AD1PCFGbits = 0x32c
                    0x0330                  AD1CSSL = 0x330
                    0x0330                  _AD1CSSL = 0x330
                    0x0330                  _AD1CSSLbits = 0x330
                    0x0600                  PMCON = 0x600
                    0x0600                  _PMCON = 0x600
                    0x0600                  _PMCONbits = 0x600
                    0x0602                  PMMODE = 0x602
                    0x0602                  _PMMODE = 0x602
                    0x0602                  _PMMODEbits = 0x602
                    0x0604                  PMADDR = 0x604
                    0x0604                  _PMADDR = 0x604
                    0x0604                  _PMADDRbits = 0x604
                    0x0604                  PMDOUT1 = 0x604
                    0x0604                  _PMDOUT1 = 0x604
                    0x0606                  PMDOUT2 = 0x606
                    0x0606                  _PMDOUT2 = 0x606
                    0x0608                  PMDIN1 = 0x608
                    0x0608                  _PMDIN1 = 0x608
                    0x060a                  PMDIN2 = 0x60a
                    0x060a                  _PMDIN2 = 0x60a
                    0x060c                  PMAEN = 0x60c
                    0x060c                  _PMAEN = 0x60c
                    0x060c                  _PMAENbits = 0x60c
                    0x060e                  PMSTAT = 0x60e
                    0x060e                  _PMSTAT = 0x60e
                    0x060e                  _PMSTATbits = 0x60e
                    0x0620                  ALRMVAL = 0x620
                    0x0620                  _ALRMVAL = 0x620
                    0x0622                  ALCFGRPT = 0x622
                    0x0622                  _ALCFGRPT = 0x622
                    0x0622                  _ALCFGRPTbits = 0x622
                    0x0624                  RTCVAL = 0x624
                    0x0624                  _RTCVAL = 0x624
                    0x0626                  RCFGCAL = 0x626
                    0x0626                  _RCFGCAL = 0x626
                    0x0626                  _RCFGCALbits = 0x626
                    0x0630                  CMCON = 0x630
                    0x0630                  _CMCON = 0x630
                    0x0630                  _CMCONbits = 0x630
                    0x0632                  CVRCON = 0x632
                    0x0632                  _CVRCON = 0x632
                    0x0632                  _CVRCONbits = 0x632
                    0x0640                  CRCCON = 0x640
                    0x0640                  _CRCCON = 0x640
                    0x0640                  _CRCCONbits = 0x640
                    0x0642                  CRCXOR = 0x642
                    0x0642                  _CRCXOR = 0x642
                    0x0642                  _CRCXORbits = 0x642
                    0x0644                  CRCDAT = 0x644
                    0x0644                  _CRCDAT = 0x644
                    0x0646                  CRCWDAT = 0x646
                    0x0646                  _CRCWDAT = 0x646
                    0x06c0                  ODCA = 0x6c0
                    0x06c0                  _ODCA = 0x6c0
                    0x06c0                  _ODCAbits = 0x6c0
                    0x06c6                  ODCB = 0x6c6
                    0x06c6                  _ODCB = 0x6c6
                    0x06c6                  _ODCBbits = 0x6c6
                    0x06cc                  ODCC = 0x6cc
                    0x06cc                  _ODCC = 0x6cc
                    0x06cc                  _ODCCbits = 0x6cc
                    0x06d2                  ODCD = 0x6d2
                    0x06d2                  _ODCD = 0x6d2
                    0x06d2                  _ODCDbits = 0x6d2
                    0x06d8                  ODCE = 0x6d8
                    0x06d8                  _ODCE = 0x6d8
                    0x06d8                  _ODCEbits = 0x6d8
                    0x06de                  ODCF = 0x6de
                    0x06de                  _ODCF = 0x6de
                    0x06de                  _ODCFbits = 0x6de
                    0x06e4                  ODCG = 0x6e4
                    0x06e4                  _ODCG = 0x6e4
                    0x06e4                  _ODCGbits = 0x6e4
                    0x0740                  RCON = 0x740
                    0x0740                  _RCON = 0x740
                    0x0740                  _RCONbits = 0x740
                    0x0742                  OSCCON = 0x742
                    0x0742                  _OSCCON = 0x742
                    0x0742                  _OSCCONbits = 0x742
                    0x0742                  OSCCONL = 0x742
                    0x0742                  _OSCCONL = 0x742
                    0x0743                  OSCCONH = 0x743
                    0x0743                  _OSCCONH = 0x743
                    0x0744                  CLKDIV = 0x744
                    0x0744                  _CLKDIV = 0x744
                    0x0744                  _CLKDIVbits = 0x744
                    0x0748                  OSCTUN = 0x748
                    0x0748                  _OSCTUN = 0x748
                    0x0748                  _OSCTUNbits = 0x748
                    0x0760                  NVMCON = 0x760
                    0x0760                  _NVMCON = 0x760
                    0x0760                  _NVMCONbits = 0x760
                    0x0766                  NVMKEY = 0x766
                    0x0766                  _NVMKEY = 0x766
                    0x0770                  PMD1 = 0x770
                    0x0770                  _PMD1 = 0x770
                    0x0770                  _PMD1bits = 0x770
                    0x0772                  PMD2 = 0x772
                    0x0772                  _PMD2 = 0x772
                    0x0772                  _PMD2bits = 0x772
                    0x0774                  PMD3 = 0x774
                    0x0774                  _PMD3 = 0x774
                    0x0774                  _PMD3bits = 0x774
                    0x0140                  IC1 = 0x140
                    0x0140                  _IC1 = 0x140
                    0x0144                  IC2 = 0x144
                    0x0144                  _IC2 = 0x144
                    0x0148                  IC3 = 0x148
                    0x0148                  _IC3 = 0x148
                    0x014c                  IC4 = 0x14c
                    0x014c                  _IC4 = 0x14c
                    0x0150                  IC5 = 0x150
                    0x0150                  _IC5 = 0x150
                    0x0180                  OC1 = 0x180
                    0x0180                  _OC1 = 0x180
                    0x0186                  OC2 = 0x186
                    0x0186                  _OC2 = 0x186
                    0x018c                  OC3 = 0x18c
                    0x018c                  _OC3 = 0x18c
                    0x0192                  OC4 = 0x192
                    0x0192                  _OC4 = 0x192
                    0x0198                  OC5 = 0x198
                    0x0198                  _OC5 = 0x198
                    0x0240                  SPI1 = 0x240
                    0x0240                  _SPI1 = 0x240
                    0x0260                  SPI2 = 0x260
                    0x0260                  _SPI2 = 0x260
                    0x0220                  UART1 = 0x220
                    0x0220                  _UART1 = 0x220
                    0x0230                  UART2 = 0x230
                    0x0230                  _UART2 = 0x230
START GROUP
LOAD c:/program files (x86)/microchip/xc16/v1.34/bin/bin/../../lib\liblega-pic30-elf.a
LOAD c:/program files (x86)/microchip/xc16/v1.34/bin/bin/../../lib\libm-elf.a
LOAD c:/program files (x86)/microchip/xc16/v1.34/bin/bin/../../lib\liblega-c-elf.a
END GROUP
OUTPUT(dist/default/production/AccelerometerSensor.X.production.elf elf32-pic30)
LOAD jump_table
LOAD default_isr
LOAD data_init

.debug_pubtypes
                  0x000030         0xa1
 .debug_pubtypes
                  0x000030         0x44 build/default/production/spiCode.o
 .debug_pubtypes
                  0x000074         0x5d build/default/production/accelerometer_main.o

__c30_signature
                  0x0000d1         0xe4
 __c30_signature
                  0x0000d1          0x6 build/default/production/spiCode.o
 __c30_signature
                  0x0000d7          0x6 build/default/production/accelerometer_main.o
 __c30_signature
                  0x0000dd          0x6 c:/program files (x86)/microchip/xc16/v1.34/bin/bin/../../lib\liblega-pic30-elf.a(crt0_standard.o)
 __c30_signature
                  0x0000e3          0x6 c:/program files (x86)/microchip/xc16/v1.34/bin/bin/../../lib\liblega-pic30-elf.a(data_init_standard.o)
 __c30_signature
                  0x0000e9          0x6 c:/program files (x86)/microchip/xc16/v1.34/bin/bin/../../lib\liblega-pic30-elf.a(c30_uart.Leo)
 __c30_signature
                  0x0000ef          0x6 c:/program files (x86)/microchip/xc16/v1.34/bin/bin/../../lib\liblega-c-elf.a(puts.XX_eo)
 __c30_signature
                  0x0000f5          0x6 c:/program files (x86)/microchip/xc16/v1.34/bin/bin/../../lib\liblega-c-elf.a(xfiles.XX_eo)
 __c30_signature
                  0x0000fb          0x6 c:/program files (x86)/microchip/xc16/v1.34/bin/bin/../../lib\liblega-c-elf.a(fputc.XX_elo)
 __c30_signature
                  0x000101          0x6 c:/program files (x86)/microchip/xc16/v1.34/bin/bin/../../lib\liblega-c-elf.a(fflush.XX_eo)
 __c30_signature
                  0x000107          0x6 c:/program files (x86)/microchip/xc16/v1.34/bin/bin/../../lib\liblega-c-elf.a(fputs.XX_eo)
 __c30_signature
                  0x00010d          0x6 c:/program files (x86)/microchip/xc16/v1.34/bin/bin/../../lib\liblega-c-elf.a(memcpy.XX_eo)
 __c30_signature
                  0x000113          0x6 c:/program files (x86)/microchip/xc16/v1.34/bin/bin/../../lib\liblega-c-elf.a(strlen.XX_eo)
 __c30_signature
                  0x000119          0x6 c:/program files (x86)/microchip/xc16/v1.34/bin/bin/../../lib\liblega-c-elf.a(strrchr.XX_eo)
 __c30_signature
                  0x00011f          0x6 c:/program files (x86)/microchip/xc16/v1.34/bin/bin/../../lib\liblega-c-elf.a(xfwprep.XX_eo)
 __c30_signature
                  0x000125          0x6 c:/program files (x86)/microchip/xc16/v1.34/bin/bin/../../lib\liblega-c-elf.a(fclose.XX_elo)
 __c30_signature
                  0x00012b          0x6 c:/program files (x86)/microchip/xc16/v1.34/bin/bin/../../lib\liblega-c-elf.a(xatexit.XX_elo)
 __c30_signature
                  0x000131          0x6 c:/program files (x86)/microchip/xc16/v1.34/bin/bin/../../lib\liblega-c-elf.a(printf_cdnopuxX.XXeo)
 __c30_signature
                  0x000137          0x6 c:/program files (x86)/microchip/xc16/v1.34/bin/bin/../../lib\liblega-c-elf.a(xprintf_cdnopuxX.XXeo)
 __c30_signature
                  0x00013d          0x6 c:/program files (x86)/microchip/xc16/v1.34/bin/bin/../../lib\liblega-c-elf.a(xputfld_cdnopuxX.XXeo)
 __c30_signature
                  0x000143          0x6 c:/program files (x86)/microchip/xc16/v1.34/bin/bin/../../lib\liblega-c-elf.a(free.XX_eo)
 __c30_signature
                  0x000149          0x6 c:/program files (x86)/microchip/xc16/v1.34/bin/bin/../../lib\liblega-c-elf.a(fwrite.XX_eo)
 __c30_signature
                  0x00014f          0x6 c:/program files (x86)/microchip/xc16/v1.34/bin/bin/../../lib\liblega-c-elf.a(malloc.XX_eo)
 __c30_signature
                  0x000155          0x6 c:/program files (x86)/microchip/xc16/v1.34/bin/bin/../../lib\liblega-c-elf.a(memchr.XX_eo)
 __c30_signature
                  0x00015b          0x6 c:/program files (x86)/microchip/xc16/v1.34/bin/bin/../../lib\liblega-c-elf.a(strchr.XX_eo)
 __c30_signature
                  0x000161          0x6 c:/program files (x86)/microchip/xc16/v1.34/bin/bin/../../lib\liblega-c-elf.a(xgetmem.XX_eo)
 __c30_signature
                  0x000167          0x6 c:/program files (x86)/microchip/xc16/v1.34/bin/bin/../../lib\liblega-c-elf.a(xlitob.XX_eo)
 __c30_signature
                  0x00016d          0x6 c:/program files (x86)/microchip/xc16/v1.34/bin/bin/../../lib\liblega-c-elf.a(xputtxt.XX_eo)
 __c30_signature
                  0x000173          0x6 c:/program files (x86)/microchip/xc16/v1.34/bin/bin/../../lib\liblega-c-elf.a(xvacopy.XX_eo)
 __c30_signature
                  0x000179          0x6 c:/program files (x86)/microchip/xc16/v1.34/bin/bin/../../lib\liblega-pic30-elf.a(close.Leo)
 __c30_signature
                  0x00017f          0x6 c:/program files (x86)/microchip/xc16/v1.34/bin/bin/../../lib\liblega-pic30-elf.a(write.Leo)
 __c30_signature
                  0x000185          0x6 c:/program files (x86)/microchip/xc16/v1.34/bin/bin/../../lib\liblega-pic30-elf.a(remove.Leo)
 __c30_signature
                  0x00018b          0x6 c:/program files (x86)/microchip/xc16/v1.34/bin/bin/../../lib\liblega-pic30-elf.a(sbrk.Leo)
 __c30_signature
                  0x000191          0x6 c:/program files (x86)/microchip/xc16/v1.34/bin/bin/../../lib\liblega-pic30-elf.a(brk.Lelo)
 __c30_signature
                  0x000197          0x6 c:/program files (x86)/microchip/xc16/v1.34/bin/bin/../../lib\libm-elf.a(divsi3.eo)
 __c30_signature
                  0x00019d          0x6 c:/program files (x86)/microchip/xc16/v1.34/bin/bin/../../lib\libm-elf.a(udivsi3.eo)
 __c30_signature
                  0x0001a3          0x6 c:/program files (x86)/microchip/xc16/v1.34/bin/bin/../../lib\libm-elf.a(umodsi3.eo)
 __c30_signature
                  0x0001a9          0x6 c:/program files (x86)/microchip/xc16/v1.34/bin/bin/../../lib\libm-elf.a(mulsi3.eo)
 __c30_signature
                  0x0001af          0x6 c:/program files (x86)/microchip/xc16/v1.34/bin/bin/../../lib\libm-elf.a(divmoddi3.eo)

.nbss               0x0800          0xa
 .nbss              0x0800          0x8 build/default/production/accelerometer_main.o
                    0x0800                  _device_ID
                    0x0802                  _x
                    0x0804                  _y
                    0x0806                  _z
 .nbss              0x0808          0x2 build/default/production/spiCode.o
                    0x0808                  _registerStatus

.data               0x080a         0xc4
 .data              0x080a         0x88 c:/program files (x86)/microchip/xc16/v1.34/bin/bin/../../lib\liblega-c-elf.a(xfiles.XX_eo)
                    0x080a                  __Stdin
                    0x0832                  __Stdout
                    0x085a                  __Stderr
                    0x0882                  __Files
 .data              0x0892         0x22 c:/program files (x86)/microchip/xc16/v1.34/bin/bin/../../lib\liblega-c-elf.a(xlitob.XX_eo)
 .data              0x08b4         0x1a c:/program files (x86)/microchip/xc16/v1.34/bin/bin/../../lib\liblega-c-elf.a(xprintf_cdnopuxX.XXeo)

.bss                0x08ce          0x4
 .bss               0x08ce          0x4 c:/program files (x86)/microchip/xc16/v1.34/bin/bin/../../lib\liblega-c-elf.a(malloc.XX_eo)
                    0x08ce                  __Aldata

.data               0x08d2          0x2
 .data              0x08d2          0x2 c:/program files (x86)/microchip/xc16/v1.34/bin/bin/../../lib\liblega-pic30-elf.a(c30_uart.Leo)
                    0x08d2                  ___C30_UART

.bss                0x08d4          0x2
 .bss               0x08d4          0x2 c:/program files (x86)/microchip/xc16/v1.34/bin/bin/../../lib\liblega-c-elf.a(fclose.XX_elo)

.data               0x08d6          0x2
 .data              0x08d6          0x2 c:/program files (x86)/microchip/xc16/v1.34/bin/bin/../../lib\liblega-c-elf.a(malloc.XX_eo)
                    0x08d6                  __Size_block

.bss                0x08d8          0x2
 .bss               0x08d8          0x2 c:/program files (x86)/microchip/xc16/v1.34/bin/bin/../../lib\liblega-pic30-elf.a(brk.Lelo)
                    0x08d8                  ___curbrk

.const              0x92ba         0xa2 load address 0x0012ba  
 .const             0x92ba         0xa2 build/default/production/accelerometer_main.o

.text             0x00135c         0xf6
 .text            0x00135c         0xf6 build/default/production/accelerometer_main.o
                  0x00135c                  _InitU2
                  0x00136e                  _SPIStart
                  0x001376                  _SPIEnd
                  0x00137e                  _main

.dinit            0x001452         0xc8
 .dinit           0x001452         0xc8 data_init

.text             0x00151a         0x90
 .text            0x00151a         0x90 build/default/production/spiCode.o
                  0x00151a                  _SPI1Init
                  0x001528                  _writeSPI1
                  0x00154c                  _readSPI1
                  0x00156e                  _us_delay
                  0x00158a                  _ms_delay
